{
    "software_versions": {
        "content": [
            "{BBMAP_BBSPLIT={bbmap=39.01}, CAT_FASTQ={cat=8.3}, CUSTOM_CATADDITIONALFASTA={python=3.9.5}, CUSTOM_GETCHROMSIZES={getchromsizes=1.16.1}, CUSTOM_TX2GENE={python=3.9.5}, FQ_SUBSAMPLE={fq=0.9.1 (2022-02-22)}, GTF2BED={perl=5.26.2}, GTF_FILTER={python=3.9.5}, GUNZIP_ADDITIONAL_FASTA={gunzip=1.1}, GUNZIP_GTF={gunzip=1.1}, KALLISTO_INDEX={kallisto=0.48.0}, KALLISTO_QUANT={kallisto=0.48.0}, SALMON_QUANT={salmon=1.10.1}, SE_GENE={bioconductor-summarizedexperiment=1.32.0}, TRIMGALORE={trimgalore=0.6.7, cutadapt=3.4}, TXIMETA_TXIMPORT={bioconductor-tximeta=1.20.1}, UNTAR_SALMON_INDEX={untar=1.3}, Workflow={nf-core/rnaseq=v3.15.0dev}}"
        ],
        "meta": {
            "nf-test": "0.8.4",
            "nextflow": "23.10.1"
        },
        "timestamp": "2024-04-10T10:13:15.867122"
    }
}