{
    "hisat2/rseqc": {
        "content": [
            "RAP1_IAA_30M_REP1.bam_stat.txt:md5,b38becac2242c9e565453a3147a3679e",
            "RAP1_UNINDUCED_REP1.bam_stat.txt:md5,ae7a5e0ec19906b5f9e2fdb397ad14f3",
            "RAP1_UNINDUCED_REP2.bam_stat.txt:md5,494fd84c2550aab95335092b9a12b582",
            "WT_REP1.bam_stat.txt:md5,ae49a89df9a95984e0dcbde12b4f6c95",
            "WT_REP2.bam_stat.txt:md5,3dc7a3e286e4c244b08df72010060696",
            "RAP1_IAA_30M_REP1.infer_experiment.txt:md5,1d4348685fa61819ff8076213d0873b3",
            "RAP1_UNINDUCED_REP1.infer_experiment.txt:md5,3ee0f64e82f0b1ac16b5f3e2b30b024c",
            "RAP1_UNINDUCED_REP2.infer_experiment.txt:md5,3d17628d178e5a3cc9dc03f32614bff7",
            "WT_REP1.infer_experiment.txt:md5,13e3c748f5b968455a39eb9fefd87053",
            "WT_REP2.infer_experiment.txt:md5,230910b354a5531d1c4bf711ccd6e493",
            "RAP1_IAA_30M_REP1.junction.Interact.bed:md5,8b81a9250f08972f06f88bcfab43421f",
            "RAP1_IAA_30M_REP1.junction.bed:md5,173eae77a0cd99001ff229c8bb839f6e",
            "RAP1_UNINDUCED_REP1.junction.Interact.bed:md5,bed2f59ec92d15b5f90f1c2a14787d64",
            "RAP1_UNINDUCED_REP1.junction.bed:md5,52a8150e3e4605f94519072fee16449b",
            "RAP1_UNINDUCED_REP2.junction.Interact.bed:md5,928e134ad0621398ec59b3248f4bb08c",
            "RAP1_UNINDUCED_REP2.junction.bed:md5,de5f7324e1e1958713b7460c9881e42e",
            "WT_REP1.junction.Interact.bed:md5,ecd57f03d6a5c582c4c6c7ae13c05144",
            "WT_REP1.junction.bed:md5,f5a188b82b4b993abf101b046043852c",
            "WT_REP2.junction.Interact.bed:md5,a045b8e3f5b7c680272e0d415621fb3d",
            "WT_REP2.junction.bed:md5,3d32038159734b9f1c9d366a090127d4",
            "RAP1_IAA_30M_REP1.junction_annotation.log:md5,c06db08a16732003984ce0b7f7bf1fe8",
            "RAP1_UNINDUCED_REP1.junction_annotation.log:md5,619a128b608946650338ef4eb1261dff",
            "RAP1_UNINDUCED_REP2.junction_annotation.log:md5,f9a772dc8395f9266c81d666a56dc0ab",
            "WT_REP1.junction_annotation.log:md5,934d6b1d55cb31cbfe183c7f838dc580",
            "WT_REP2.junction_annotation.log:md5,02bf2e27dfd72fb89f3689c955dc57ed",
            "RAP1_IAA_30M_REP1.junction_plot.r:md5,7d0e8b2937187d6e527ed70027f7b772",
            "RAP1_UNINDUCED_REP1.junction_plot.r:md5,fa47ada2b36809228d1b50244e139733",
            "RAP1_UNINDUCED_REP2.junction_plot.r:md5,5a9cdf301449dff95c5d5e708e687116",
            "WT_REP1.junction_plot.r:md5,4b59b01d12839dcbce41f317e4c08a01",
            "WT_REP2.junction_plot.r:md5,5f0daab3e17d4ae765042c6abaa6cff0",
            "RAP1_IAA_30M_REP1.junction.xls:md5,98bf3cdbc11ecedc381be4b7ca7554f5",
            "RAP1_UNINDUCED_REP1.junction.xls:md5,84f33de4ead9d9c778c1d74d7061f368",
            "RAP1_UNINDUCED_REP2.junction.xls:md5,41169042d84d68782bbf41b4cdf5f7fe",
            "WT_REP1.junction.xls:md5,dda86a7a53d4832067962356aa9c64b3",
            "WT_REP2.junction.xls:md5,eb39b92002a7b2295d15318451e14d39",
            "RAP1_IAA_30M_REP1.read_distribution.txt:md5,69f3731ebe31540eb34be1b581c88bdb",
            "RAP1_UNINDUCED_REP1.read_distribution.txt:md5,8324ffb159a4e40555e6d088d7aa6e7f",
            "RAP1_UNINDUCED_REP2.read_distribution.txt:md5,a658f427236d094aef6e65ea512a2642",
            "WT_REP1.read_distribution.txt:md5,4202e7e0b800e897e76a5ce8bdd804d1",
            "WT_REP2.read_distribution.txt:md5,b16004cf92f131094bc87c1aa3a9bd73",
            "RAP1_IAA_30M_REP1.DupRate_plot.r:md5,449cc929b5c0afb6fe0d3c42aba022b1",
            "RAP1_UNINDUCED_REP1.DupRate_plot.r:md5,9c733115d61e98bfd05bc4c6b010abdc",
            "RAP1_UNINDUCED_REP2.DupRate_plot.r:md5,bd3a2f3806ff7d8a4f3a4d8f44ed8d2c",
            "WT_REP1.DupRate_plot.r:md5,c0babc40356d96763f8f09a0c0ecf1b7",
            "WT_REP2.DupRate_plot.r:md5,d38e55e5f22b2287a8ec2161df9351d7",
            "RAP1_IAA_30M_REP1.pos.DupRate.xls:md5,0054db74dc0b03e0d322b41c1c89bf9a",
            "RAP1_IAA_30M_REP1.seq.DupRate.xls:md5,55415fffae3175eb1d36e27c747460ef",
            "RAP1_UNINDUCED_REP1.pos.DupRate.xls:md5,828df788550bb2cfd139bfb1bf5855a1",
            "RAP1_UNINDUCED_REP1.seq.DupRate.xls:md5,dd22981ce08bdff7df4e35e5e10c3e27",
            "RAP1_UNINDUCED_REP2.pos.DupRate.xls:md5,366805c99a2dfa508caf0b2728cae56b",
            "RAP1_UNINDUCED_REP2.seq.DupRate.xls:md5,dd7b1c9fc2be67beb0bab769666e9a9d",
            "WT_REP1.pos.DupRate.xls:md5,925c9a6b036fb3c19d7881700c544ed3",
            "WT_REP1.seq.DupRate.xls:md5,68ca73f1471e38d38eb87f9f9a763a97",
            "WT_REP2.pos.DupRate.xls:md5,18af139e2465d911039c825a83c547c4",
            "WT_REP2.seq.DupRate.xls:md5,4174d14ca585c2109316b48645e479dc",
            "RAP1_IAA_30M_REP1.inner_distance_plot.pdf",
            "WT_REP1.inner_distance_plot.pdf",
            "WT_REP2.inner_distance_plot.pdf",
            "RAP1_IAA_30M_REP1.inner_distance_plot.r",
            "WT_REP1.inner_distance_plot.r",
            "WT_REP2.inner_distance_plot.r",
            "RAP1_IAA_30M_REP1.inner_distance.txt",
            "RAP1_IAA_30M_REP1.inner_distance_freq.txt",
            "RAP1_IAA_30M_REP1.inner_distance_mean.txt",
            "WT_REP1.inner_distance.txt",
            "WT_REP1.inner_distance_freq.txt",
            "WT_REP1.inner_distance_mean.txt",
            "WT_REP2.inner_distance.txt",
            "WT_REP2.inner_distance_freq.txt",
            "WT_REP2.inner_distance_mean.txt",
            "RAP1_IAA_30M_REP1.splice_events.pdf",
            "RAP1_IAA_30M_REP1.splice_junction.pdf",
            "RAP1_UNINDUCED_REP1.splice_events.pdf",
            "RAP1_UNINDUCED_REP1.splice_junction.pdf",
            "RAP1_UNINDUCED_REP2.splice_events.pdf",
            "RAP1_UNINDUCED_REP2.splice_junction.pdf",
            "WT_REP1.splice_events.pdf",
            "WT_REP1.splice_junction.pdf",
            "WT_REP2.splice_events.pdf",
            "WT_REP2.splice_junction.pdf",
            "RAP1_IAA_30M_REP1.junctionSaturation_plot.pdf",
            "RAP1_UNINDUCED_REP1.junctionSaturation_plot.pdf",
            "RAP1_UNINDUCED_REP2.junctionSaturation_plot.pdf",
            "WT_REP1.junctionSaturation_plot.pdf",
            "WT_REP2.junctionSaturation_plot.pdf",
            "RAP1_IAA_30M_REP1.junctionSaturation_plot.r",
            "RAP1_UNINDUCED_REP1.junctionSaturation_plot.r",
            "RAP1_UNINDUCED_REP2.junctionSaturation_plot.r",
            "WT_REP1.junctionSaturation_plot.r",
            "WT_REP2.junctionSaturation_plot.r",
            "RAP1_IAA_30M_REP1.DupRate_plot.pdf",
            "RAP1_UNINDUCED_REP1.DupRate_plot.pdf",
            "RAP1_UNINDUCED_REP2.DupRate_plot.pdf",
            "WT_REP1.DupRate_plot.pdf",
            "WT_REP2.DupRate_plot.pdf"
        ],
        "meta": {
            "nf-test": "0.9.0",
            "nextflow": "24.04.4"
        },
        "timestamp": "2024-08-23T12:35:11.780439"
    },
    "trimgalore": {
        "content": [
            "RAP1_IAA_30M_REP1_trimmed_1.fastq.gz_trimming_report.txt",
            "RAP1_IAA_30M_REP1_trimmed_2.fastq.gz_trimming_report.txt",
            "RAP1_UNINDUCED_REP1_trimmed.fastq.gz_trimming_report.txt",
            "RAP1_UNINDUCED_REP2_trimmed.fastq.gz_trimming_report.txt",
            "WT_REP1_trimmed_1.fastq.gz_trimming_report.txt",
            "WT_REP1_trimmed_2.fastq.gz_trimming_report.txt",
            "WT_REP2_trimmed_1.fastq.gz_trimming_report.txt",
            "WT_REP2_trimmed_2.fastq.gz_trimming_report.txt"
        ],
        "meta": {
            "nf-test": "0.9.0",
            "nextflow": "24.04.4"
        },
        "timestamp": "2024-08-23T10:32:15.607595"
    },
    "hisat2/picard_metrics": {
        "content": [
            "RAP1_IAA_30M_REP1.markdup.sorted.MarkDuplicates.metrics.txt",
            "RAP1_UNINDUCED_REP1.markdup.sorted.MarkDuplicates.metrics.txt",
            "RAP1_UNINDUCED_REP2.markdup.sorted.MarkDuplicates.metrics.txt",
            "WT_REP1.markdup.sorted.MarkDuplicates.metrics.txt",
            "WT_REP2.markdup.sorted.MarkDuplicates.metrics.txt"
        ],
        "meta": {
            "nf-test": "0.9.0",
            "nextflow": "24.04.4"
        },
        "timestamp": "2024-08-23T12:35:11.735947"
    },
    "references": {
        "content": [
            "genome_gfp.fasta:md5,e23e302af63736a199985a169fdac055",
            "genome_gfp.gtf:md5,c98b12c302f15731bfc36bcf297cfe28"
        ],
        "meta": {
            "nf-test": "0.9.0",
            "nextflow": "24.04.4"
        },
        "timestamp": "2024-08-23T10:32:15.597034"
    },
    "hisat2/featurecounts": {
        "content": [
            "RAP1_IAA_30M_REP1.biotype_counts_mqc.tsv:md5,079b099e5c5e9fe5e2559dfc938aa48b",
            "RAP1_IAA_30M_REP1.biotype_counts_rrna_mqc.tsv:md5,dde2de0cb90e10d0195c726f768e9941",
            "RAP1_IAA_30M_REP1.featureCounts.txt:md5,eedff929765dbc950528ee499e6d63ba",
            "RAP1_IAA_30M_REP1.featureCounts.txt.summary:md5,b4fd537569e939435344a6c9436bcd85",
            "RAP1_UNINDUCED_REP1.biotype_counts_mqc.tsv:md5,4d1820a35481f454f17a14326356253d",
            "RAP1_UNINDUCED_REP1.biotype_counts_rrna_mqc.tsv:md5,845ff9059c72bc6722a8de69776e22bb",
            "RAP1_UNINDUCED_REP1.featureCounts.txt:md5,b007abbc78b08d8d2bb37a267665947d",
            "RAP1_UNINDUCED_REP1.featureCounts.txt.summary:md5,d11369e773d95fe3024cdba224532825",
            "RAP1_UNINDUCED_REP2.biotype_counts_mqc.tsv:md5,3632da2126cb33391428ba0d6d10787f",
            "RAP1_UNINDUCED_REP2.biotype_counts_rrna_mqc.tsv:md5,6d3fa4c88c7fe61f638e4624ad5e22f0",
            "RAP1_UNINDUCED_REP2.featureCounts.txt:md5,ea897231d1c447d8e395716741b876ab",
            "RAP1_UNINDUCED_REP2.featureCounts.txt.summary:md5,c8967f02a4598b23d5f56eaed2a35932",
            "WT_REP1.biotype_counts_mqc.tsv:md5,abc303e93390bb5bd8f916f8f5978de3",
            "WT_REP1.biotype_counts_rrna_mqc.tsv:md5,8ef76d717492ca23764938aee8ea33a9",
            "WT_REP1.featureCounts.txt:md5,39721c0d981304996438bc2f505bf98c",
            "WT_REP1.featureCounts.txt.summary:md5,ce8e697f77ca90f65719ba2037c1c107",
            "WT_REP2.biotype_counts_mqc.tsv:md5,74a5436a716a7d99f425f73914cb2794",
            "WT_REP2.biotype_counts_rrna_mqc.tsv:md5,12294618fe44df1e7f39348372dcb481",
            "WT_REP2.featureCounts.txt:md5,702446d50a5019c84fcef85d1cfef78c",
            "WT_REP2.featureCounts.txt.summary:md5,48d1f61e21dc37b5206f909606996576"
        ],
        "meta": {
            "nf-test": "0.9.0",
            "nextflow": "24.04.4"
        },
        "timestamp": "2024-08-23T12:35:11.708452"
    },
    "hisat2/samtools_stats": {
        "content": [
            "RAP1_IAA_30M_REP1.markdup.sorted.bam.flagstat:md5,e04029ba0b7c9a5007b1e21190416ab3",
            "RAP1_IAA_30M_REP1.markdup.sorted.bam.idxstats:md5,58ac8d961ffe5af5140e597ce46d1ac2",
            "RAP1_IAA_30M_REP1.markdup.sorted.bam.stats:md5,85da324fea3cc89b59e98c35a088292d",
            "RAP1_IAA_30M_REP1.sorted.bam.flagstat:md5,acdfa72b8fb5785abeddaabdab1ed8ca",
            "RAP1_IAA_30M_REP1.sorted.bam.idxstats:md5,58ac8d961ffe5af5140e597ce46d1ac2",
            "RAP1_IAA_30M_REP1.sorted.bam.stats:md5,406e39a77140b36f00f8c66bf89e4cd4",
            "RAP1_UNINDUCED_REP1.markdup.sorted.bam.flagstat:md5,b0b719dd29053aa37010082b6a0bb8d1",
            "RAP1_UNINDUCED_REP1.markdup.sorted.bam.idxstats:md5,05a67765b944740c60f263a42a5fd65d",
            "RAP1_UNINDUCED_REP1.markdup.sorted.bam.stats:md5,5a44fea09713c4eabb4c692ffa1c87cb",
            "RAP1_UNINDUCED_REP1.sorted.bam.flagstat:md5,0f82cf321c7ac21d11c29b7e8fd6893b",
            "RAP1_UNINDUCED_REP1.sorted.bam.idxstats:md5,05a67765b944740c60f263a42a5fd65d",
            "RAP1_UNINDUCED_REP1.sorted.bam.stats:md5,59269ee5c3c5cbe4d786e80d0ec3f82d",
            "RAP1_UNINDUCED_REP2.markdup.sorted.bam.flagstat:md5,cb40075ffa2e6f66d8b4b5025fd62004",
            "RAP1_UNINDUCED_REP2.markdup.sorted.bam.idxstats:md5,a72f0d10ac28ec362a79435db766251f",
            "RAP1_UNINDUCED_REP2.markdup.sorted.bam.stats:md5,9c3328a52ad945726373add1acb544ea",
            "RAP1_UNINDUCED_REP2.sorted.bam.flagstat:md5,92d7610422de90da2e76f99461721b7f",
            "RAP1_UNINDUCED_REP2.sorted.bam.idxstats:md5,a72f0d10ac28ec362a79435db766251f",
            "RAP1_UNINDUCED_REP2.sorted.bam.stats:md5,e513153ebdbb35255deb119e6d00899e",
            "WT_REP1.markdup.sorted.bam.flagstat:md5,cb3229294e384dba57b00ddab95e5cc9",
            "WT_REP1.markdup.sorted.bam.idxstats:md5,93da4c4f281b38c0f783cb4b7e93a6d0",
            "WT_REP1.markdup.sorted.bam.stats:md5,27296cfcca78a743c925a01598e479c4",
            "WT_REP1.sorted.bam.flagstat:md5,c55ed3c6ea5f4134036fa8a09c20a1ee",
            "WT_REP1.sorted.bam.idxstats:md5,93da4c4f281b38c0f783cb4b7e93a6d0",
            "WT_REP1.sorted.bam.stats:md5,8d99f380f036d5ebf93a62380888925e",
            "WT_REP2.markdup.sorted.bam.flagstat:md5,a0702469e2d220391604e1b72100cad1",
            "WT_REP2.markdup.sorted.bam.idxstats:md5,ea45aa47d0b2b85d8aed7072e6ea36b5",
            "WT_REP2.markdup.sorted.bam.stats:md5,f5cff907e667269f2667b173ae80fd0c",
            "WT_REP2.sorted.bam.flagstat:md5,b33836e522593ca0aed7c3b10973d5ed",
            "WT_REP2.sorted.bam.idxstats:md5,ea45aa47d0b2b85d8aed7072e6ea36b5",
            "WT_REP2.sorted.bam.stats:md5,e75ecf8f4c61acd5f5aa4fe48f753658"
        ],
        "meta": {
            "nf-test": "0.9.0",
            "nextflow": "24.04.4"
        },
        "timestamp": "2024-08-23T12:35:11.822891"
    },
    "salmon/deseq2_qc": {
        "content": [
            "R_sessionInfo.log:md5,fb0da0d7ad6994ed66a8e68348b19676",
            "deseq2.dds.RData",
            "deseq2.pca.vals.txt",
            "deseq2.plots.pdf",
            "deseq2.sample.dists.txt",
            "RAP1_IAA_30M_REP1.txt",
            "RAP1_UNINDUCED_REP1.txt",
            "RAP1_UNINDUCED_REP2.txt",
            "WT_REP1.txt",
            "WT_REP2.txt",
            "deseq2.size_factors.RData"
        ],
        "meta": {
            "nf-test": "0.9.0",
            "nextflow": "24.04.4"
        },
        "timestamp": "2024-08-23T12:35:11.9096"
    },
    "salmon": {
        "content": [
            "tx2gene.tsv:md5,0e2418a69d2eba45097ebffc2f700bfe",
            "salmon.merged.gene_counts.SummarizedExperiment.rds",
            "salmon.merged.gene_counts.tsv",
            "salmon.merged.gene_counts_length_scaled.SummarizedExperiment.rds",
            "salmon.merged.gene_counts_length_scaled.tsv",
            "salmon.merged.gene_counts_scaled.SummarizedExperiment.rds",
            "salmon.merged.gene_counts_scaled.tsv",
            "salmon.merged.gene_lengths.tsv",
            "salmon.merged.gene_tpm.tsv",
            "salmon.merged.transcript_counts.SummarizedExperiment.rds",
            "salmon.merged.transcript_counts.tsv",
            "salmon.merged.transcript_lengths.tsv",
            "salmon.merged.transcript_tpm.tsv"
        ],
        "meta": {
            "nf-test": "0.9.0",
            "nextflow": "24.04.4"
        },
        "timestamp": "2024-08-23T12:35:12.005199"
    },
    "hisat2/bigwig": {
        "content": [
            "RAP1_IAA_30M_REP1.forward.bigWig:md5,c9ae036650d73b275dfa1348c17fb773",
            "RAP1_IAA_30M_REP1.reverse.bigWig:md5,b00167c81cf99d088ef36cfbe73dd4c0",
            "RAP1_UNINDUCED_REP1.forward.bigWig:md5,5bafde76df98023212350e1d0c77ee97",
            "RAP1_UNINDUCED_REP1.reverse.bigWig:md5,eb5ecce02b6b206e9970070c4e1dad22",
            "RAP1_UNINDUCED_REP2.forward.bigWig:md5,c49afa16b0e2be87a043ceb45fd6b13b",
            "RAP1_UNINDUCED_REP2.reverse.bigWig:md5,40916b3a8a8bc183795573ed5014f5f2",
            "WT_REP1.forward.bigWig:md5,bd0a7dbda673cada114ab2f5609faae6",
            "WT_REP1.reverse.bigWig:md5,b41fa148408c0969f53886d66236f844",
            "WT_REP2.forward.bigWig:md5,82a8fec707b818bc18c3861ebd84b3e5",
            "WT_REP2.reverse.bigWig:md5,d8ac1d7c396be5c4d36919de64505d4f"
        ],
        "meta": {
            "nf-test": "0.9.0",
            "nextflow": "24.04.4"
        },
        "timestamp": "2024-08-23T12:35:11.683972"
    },
    "fastqc/raw": {
        "content": [
            "RAP1_IAA_30M_REP1_raw_1_fastqc.html",
            "RAP1_IAA_30M_REP1_raw_1_fastqc.zip",
            "RAP1_IAA_30M_REP1_raw_2_fastqc.html",
            "RAP1_IAA_30M_REP1_raw_2_fastqc.zip",
            "RAP1_UNINDUCED_REP1_raw_fastqc.html",
            "RAP1_UNINDUCED_REP1_raw_fastqc.zip",
            "RAP1_UNINDUCED_REP2_raw_fastqc.html",
            "RAP1_UNINDUCED_REP2_raw_fastqc.zip",
            "WT_REP1_raw_1_fastqc.html",
            "WT_REP1_raw_1_fastqc.zip",
            "WT_REP1_raw_2_fastqc.html",
            "WT_REP1_raw_2_fastqc.zip",
            "WT_REP2_raw_1_fastqc.html",
            "WT_REP2_raw_1_fastqc.zip",
            "WT_REP2_raw_2_fastqc.html",
            "WT_REP2_raw_2_fastqc.zip"
        ],
        "meta": {
            "nf-test": "0.9.0",
            "nextflow": "24.04.4"
        },
        "timestamp": "2024-08-23T12:35:11.678184"
    },
    "Params: --aligner hisat2 - stub": {
        "content": [
            "{BBMAP_BBSPLIT={bbmap=39.01}, CAT_FASTQ={cat=8.3}, CUSTOM_CATADDITIONALFASTA={python=null}, CUSTOM_GETCHROMSIZES={getchromsizes=1.2}, FASTQC={fastqc=0.12.1}, GTF2BED={perl=5.26.2}, GTF_FILTER={python=3.9.5}, GUNZIP_ADDITIONAL_FASTA={gunzip=1.1}, GUNZIP_GTF={gunzip=1.1}, HISAT2_EXTRACTSPLICESITES={hisat2=2.2.1}, TRIMGALORE={trimgalore=0.6.7, cutadapt=3.4}, UNTAR_HISAT2_INDEX={untar=1.34}, UNTAR_SALMON_INDEX={untar=1.34}, Workflow={nf-core/rnaseq=v3.15.0dev}}",
            "genome_transcriptome.fasta",
            "genome_transcriptome.gtf",
            "RAP1_IAA_30M_REP1_raw.html",
            "RAP1_IAA_30M_REP1_raw.zip",
            "RAP1_UNINDUCED_REP1_raw.html",
            "RAP1_UNINDUCED_REP1_raw.zip",
            "RAP1_UNINDUCED_REP2_raw.html",
            "RAP1_UNINDUCED_REP2_raw.zip",
            "WT_REP1_raw.html",
            "WT_REP1_raw.zip",
            "WT_REP2_raw.html",
            "WT_REP2_raw.zip",
            "multiqc_report.html",
            "RAP1_IAA_30M_REP1_trimmed_1.fastq.gz_trimming_report.txt",
            "RAP1_IAA_30M_REP1_trimmed_2.fastq.gz_trimming_report.txt",
            "RAP1_UNINDUCED_REP1_trimmed.fastq.gz_trimming_report.txt",
            "RAP1_UNINDUCED_REP2_trimmed.fastq.gz_trimming_report.txt",
            "WT_REP1_trimmed_1.fastq.gz_trimming_report.txt",
            "WT_REP1_trimmed_2.fastq.gz_trimming_report.txt",
            "WT_REP2_trimmed_1.fastq.gz_trimming_report.txt",
            "WT_REP2_trimmed_2.fastq.gz_trimming_report.txt"
        ],
        "meta": {
            "nf-test": "0.9.0",
            "nextflow": "24.04.4"
        },
        "timestamp": "2024-08-23T10:32:59.957379"
    },
    "hisat2/qualimap": {
        "content": [
            "Coverage Profile Along Genes (High).png:md5,99a8749fb819be0f1bde152e2246d964",
            "Coverage Profile Along Genes (Low).png:md5,31bed1d299f6e763c61a2866abc847c9",
            "Coverage Profile Along Genes (Total).png:md5,97d15c2ffd8163b800b1ca6378ae0ce9",
            "Junction Analysis.png:md5,62f013dacfd7cd6c00781ed150c430f7",
            "Reads Genomic Origin.png:md5,28cd03601bf408c39a97051919436db2",
            "Transcript coverage histogram.png:md5,a0cd920b7f67ee02deb4fd5ee5a5b0fc",
            "coverage_profile_along_genes_(high).txt:md5,b56043c3546cac003461c57abad93536",
            "coverage_profile_along_genes_(low).txt:md5,1b55d86defcc541643137497c4c6bb06",
            "coverage_profile_along_genes_(total).txt:md5,1b55d86defcc541643137497c4c6bb06",
            "rnaseq_qc_results.txt:md5,5c981862809e2de3fdff9f9d20c43b38",
            "Coverage Profile Along Genes (High).png:md5,0c9e9983e2bb5688bca25d1697bcde9c",
            "Coverage Profile Along Genes (Low).png:md5,07df4715abe4e9c49265b7cecec79fe6",
            "Coverage Profile Along Genes (Total).png:md5,a4ed549db9b210e43955386957fdcd49",
            "Junction Analysis.png:md5,e355c1e37f4ebf0d7968163c91edad9d",
            "Reads Genomic Origin.png:md5,4bef06bc7da84b3fdfa7405a0fb90a0e",
            "Transcript coverage histogram.png:md5,1ee5a0ec7f0eec36dd51e312d303ea55",
            "coverage_profile_along_genes_(high).txt:md5,9ffadadb953cc9ea1b1c01ac92fcdf61",
            "coverage_profile_along_genes_(low).txt:md5,fb281c857a2c4e093b0d8e1f756abf81",
            "coverage_profile_along_genes_(total).txt:md5,fb281c857a2c4e093b0d8e1f756abf81",
            "rnaseq_qc_results.txt:md5,ccdc9ab548f2838505cd1f3301b9651d",
            "Coverage Profile Along Genes (High).png:md5,9e530e83b3ab308ece285c115b7bde7d",
            "Coverage Profile Along Genes (Low).png:md5,b4181c86e9764bf7f543b24232ffea77",
            "Coverage Profile Along Genes (Total).png:md5,ec77f7b0919d8537f31ecf3a6dd245b0",
            "Junction Analysis.png:md5,dba810f49cff8f3531dc6295330591c4",
            "Reads Genomic Origin.png:md5,f8cccfa74bed0b7c1f473e5a3881ec40",
            "Transcript coverage histogram.png:md5,4017dc4254884805a327a6fd45e06562",
            "coverage_profile_along_genes_(high).txt:md5,a31cb4ba804080544072cd57fc1bdf1c",
            "coverage_profile_along_genes_(low).txt:md5,f744e295c3d034b1a86e1dde8bb18eff",
            "coverage_profile_along_genes_(total).txt:md5,f744e295c3d034b1a86e1dde8bb18eff",
            "rnaseq_qc_results.txt:md5,200ad62a93ce4995af9ffe686c6cc1f4",
            "Coverage Profile Along Genes (High).png:md5,9e4a7aa85ae86a7ab5b1c949ed10d913",
            "Coverage Profile Along Genes (Low).png:md5,3f9d7d3842d827bb5a7a46a80e88e14b",
            "Coverage Profile Along Genes (Total).png:md5,44826c2d3263ff4aaedfa3b4d0c068db",
            "Junction Analysis.png:md5,5cbb4dd431d6548f9a3a55b088e897f9",
            "Reads Genomic Origin.png:md5,85d98f5475c6cc364b9add9dd1ed0b75",
            "Transcript coverage histogram.png:md5,51e934c908640c9dda94d3de8c4dd81f",
            "coverage_profile_along_genes_(high).txt:md5,be72a2c9023f6eb81bd5816af33abb65",
            "coverage_profile_along_genes_(low).txt:md5,9fce120533ff57f8bc2a2f44f1b6decb",
            "coverage_profile_along_genes_(total).txt:md5,9fce120533ff57f8bc2a2f44f1b6decb",
            "rnaseq_qc_results.txt:md5,2d7ef162c95fede85dca466bab3ba605",
            "Coverage Profile Along Genes (High).png:md5,f63458b8564de80c90c992926ea273ed",
            "Coverage Profile Along Genes (Low).png:md5,44f0dd7c647a2ce2c1f06e3920266e95",
            "Coverage Profile Along Genes (Total).png:md5,12780d9ad7b76dbdd39736099c45cf07",
            "Junction Analysis.png:md5,501bbb899a0d79bf463bbbf1d70005c8",
            "Reads Genomic Origin.png:md5,928f79166fb6adfccdc6eb4c54869156",
            "Transcript coverage histogram.png:md5,fcc848c9d318a28c7dff00cb2960e038",
            "coverage_profile_along_genes_(high).txt:md5,83d436e0ddb7435bb343db5e4dfb744a",
            "coverage_profile_along_genes_(low).txt:md5,58021e91f3595a0d6dc74abc41690638",
            "coverage_profile_along_genes_(total).txt:md5,58021e91f3595a0d6dc74abc41690638",
            "rnaseq_qc_results.txt:md5,09508917659c8448598bf8b4f1a8f938",
            "qualimapReport.html",
            "qualimapReport.html",
            "qualimapReport.html",
            "qualimapReport.html",
            "qualimapReport.html"
        ],
        "meta": {
            "nf-test": "0.9.0",
            "nextflow": "24.04.4"
        },
        "timestamp": "2024-08-23T12:35:11.750007"
    },
    "versions": {
        "content": [
            "{BBMAP_BBSPLIT={bbmap=39.01}, BEDTOOLS_GENOMECOV_FW={bedtools=2.31.1}, CAT_FASTQ={cat=8.3}, CUSTOM_CATADDITIONALFASTA={python=3.9.5}, CUSTOM_GETCHROMSIZES={getchromsizes=1.2}, CUSTOM_TX2GENE={python=3.9.5}, DESEQ2_QC_PSEUDO={r-base=4.0.3, bioconductor-deseq2=1.28.0}, DUPRADAR={bioconductor-dupradar=1.32.0}, FASTQC={fastqc=0.12.1}, FQ_SUBSAMPLE={fq=0.9.1 (2022-02-22)}, GTF2BED={perl=5.26.2}, GTF_FILTER={python=3.9.5}, GUNZIP_ADDITIONAL_FASTA={gunzip=1.1}, GUNZIP_GTF={gunzip=1.1}, HISAT2_ALIGN={hisat2=2.2.1, samtools=1.16.1}, HISAT2_EXTRACTSPLICESITES={hisat2=2.2.1}, MULTIQC_CUSTOM_BIOTYPE={python=3.9.5}, PICARD_MARKDUPLICATES={picard=3.1.1}, QUALIMAP_RNASEQ={qualimap=2.3}, RSEQC_BAMSTAT={rseqc=5.0.2}, RSEQC_INFEREXPERIMENT={rseqc=5.0.2}, RSEQC_INNERDISTANCE={rseqc=5.0.2}, RSEQC_JUNCTIONANNOTATION={rseqc=5.0.2}, RSEQC_JUNCTIONSATURATION={rseqc=5.0.2}, RSEQC_READDISTRIBUTION={rseqc=5.0.2}, RSEQC_READDUPLICATION={rseqc=5.0.2}, SALMON_QUANT={salmon=1.10.1}, SAMTOOLS_FLAGSTAT={samtools=1.2}, SAMTOOLS_IDXSTATS={samtools=1.2}, SAMTOOLS_INDEX={samtools=1.2}, SAMTOOLS_SORT={samtools=1.2}, SAMTOOLS_STATS={samtools=1.2}, SE_GENE={bioconductor-summarizedexperiment=1.32.0}, STRINGTIE_STRINGTIE={stringtie=2.2.1}, SUBREAD_FEATURECOUNTS={subread=2.0.1}, TRIMGALORE={trimgalore=0.6.7, cutadapt=3.4}, TXIMETA_TXIMPORT={bioconductor-tximeta=1.20.1}, UCSC_BEDCLIP={ucsc=377}, UCSC_BEDGRAPHTOBIGWIG={ucsc=445}, UNTAR_HISAT2_INDEX={untar=1.34}, UNTAR_SALMON_INDEX={untar=1.34}, Workflow={nf-core/rnaseq=v3.15.0dev}}"
        ],
        "meta": {
            "nf-test": "0.9.0",
            "nextflow": "24.04.4"
        },
        "timestamp": "2024-08-23T10:32:15.832405"
    },
    "fastqc/trim": {
        "content": [
            "RAP1_IAA_30M_REP1_trimmed_1_val_1_fastqc.html",
            "RAP1_IAA_30M_REP1_trimmed_1_val_1_fastqc.zip",
            "RAP1_IAA_30M_REP1_trimmed_2_val_2_fastqc.html",
            "RAP1_IAA_30M_REP1_trimmed_2_val_2_fastqc.zip",
            "RAP1_UNINDUCED_REP1_trimmed_trimmed_fastqc.html",
            "RAP1_UNINDUCED_REP1_trimmed_trimmed_fastqc.zip",
            "RAP1_UNINDUCED_REP2_trimmed_trimmed_fastqc.html",
            "RAP1_UNINDUCED_REP2_trimmed_trimmed_fastqc.zip",
            "WT_REP1_trimmed_1_val_1_fastqc.html",
            "WT_REP1_trimmed_1_val_1_fastqc.zip",
            "WT_REP1_trimmed_2_val_2_fastqc.html",
            "WT_REP1_trimmed_2_val_2_fastqc.zip",
            "WT_REP2_trimmed_1_val_1_fastqc.html",
            "WT_REP2_trimmed_1_val_1_fastqc.zip",
            "WT_REP2_trimmed_2_val_2_fastqc.html",
            "WT_REP2_trimmed_2_val_2_fastqc.zip"
        ],
        "meta": {
            "nf-test": "0.9.0",
            "nextflow": "24.04.4"
        },
        "timestamp": "2024-08-23T12:35:11.679664"
    },
    "hisat2/dupradar": {
        "content": [
            "RAP1_IAA_30M_REP1_dupMatrix.txt:md5,8a6bf324a928534cb7ed7a5522aff7d0",
            "RAP1_UNINDUCED_REP1_dupMatrix.txt:md5,ae3e70edc98ec8117608f8f608effab9",
            "RAP1_UNINDUCED_REP2_dupMatrix.txt:md5,9a5c2672c5817e930c7b884ada8fd92c",
            "WT_REP1_dupMatrix.txt:md5,11371da7a087879340c2e7e6842a5d89",
            "WT_REP2_dupMatrix.txt:md5,5176c7447c4295f94e2683dd9995cea0",
            "RAP1_IAA_30M_REP1_intercept_slope.txt:md5,1285c70833b46849b726412858736ed7",
            "RAP1_UNINDUCED_REP1_intercept_slope.txt:md5,a2efe7c3cad6f910d5dc208c2825a245",
            "RAP1_UNINDUCED_REP2_intercept_slope.txt:md5,117712525fcbd396f77710f4f4b605d9",
            "WT_REP1_intercept_slope.txt:md5,df33cbc6c3cb1c85c0c06cdba7df3873",
            "WT_REP2_intercept_slope.txt:md5,38fbb93a419e666bc81020602852b1e2",
            "RAP1_IAA_30M_REP1_duprateExpBoxplot.pdf",
            "RAP1_UNINDUCED_REP1_duprateExpBoxplot.pdf",
            "RAP1_UNINDUCED_REP2_duprateExpBoxplot.pdf",
            "WT_REP1_duprateExpBoxplot.pdf",
            "WT_REP2_duprateExpBoxplot.pdf",
            "RAP1_IAA_30M_REP1_expressionHist.pdf",
            "RAP1_UNINDUCED_REP1_expressionHist.pdf",
            "RAP1_UNINDUCED_REP2_expressionHist.pdf",
            "WT_REP1_expressionHist.pdf",
            "WT_REP2_expressionHist.pdf",
            "RAP1_IAA_30M_REP1_duprateExpDens.pdf",
            "RAP1_UNINDUCED_REP1_duprateExpDens.pdf",
            "RAP1_UNINDUCED_REP2_duprateExpDens.pdf",
            "WT_REP1_duprateExpDens.pdf",
            "WT_REP2_duprateExpDens.pdf"
        ],
        "meta": {
            "nf-test": "0.9.0",
            "nextflow": "24.04.4"
        },
        "timestamp": "2024-08-23T12:35:11.695025"
    },
    "hisat2": {
        "content": [
            "RAP1_IAA_30M_REP1.hisat2.summary.log:md5,4273e7a9d0fa8a93ec62e25a70a7e212",
            "RAP1_UNINDUCED_REP1.hisat2.summary.log:md5,e322e4f7bce12d889a59db517c2ad678",
            "RAP1_UNINDUCED_REP2.hisat2.summary.log:md5,3f41605b1fbd4d40983915617f8a91f9",
            "WT_REP1.hisat2.summary.log:md5,50cd2a4fe1f041774c572d09156d4ae8",
            "WT_REP2.hisat2.summary.log:md5,5c0d00bfee4ff563521f6458a13f9476",
            "RAP1_IAA_30M_REP1.markdup.sorted.bam",
            "RAP1_IAA_30M_REP1.markdup.sorted.bam.bai",
            "RAP1_UNINDUCED_REP1.markdup.sorted.bam",
            "RAP1_UNINDUCED_REP1.markdup.sorted.bam.bai",
            "RAP1_UNINDUCED_REP2.markdup.sorted.bam",
            "RAP1_UNINDUCED_REP2.markdup.sorted.bam.bai",
            "WT_REP1.markdup.sorted.bam",
            "WT_REP1.markdup.sorted.bam.bai",
            "WT_REP2.markdup.sorted.bam",
            "WT_REP2.markdup.sorted.bam.bai"
        ],
        "meta": {
            "nf-test": "0.9.0",
            "nextflow": "24.04.4"
        },
        "timestamp": "2024-08-23T12:35:11.72217"
    },
    "hisat2/stringtie": {
        "content": [
            "e2t.ctab:md5,54dd6de2daa90e973f47524a738a3d69",
            "e_data.ctab:md5,c93ce5b90352398208e3d88c68df45c6",
            "i2t.ctab:md5,dda3d3ccd7d4184d947c654ae73efb7b",
            "i_data.ctab:md5,fe9d92d1d28e1bc1b223e2ce22b4ef05",
            "e2t.ctab:md5,54dd6de2daa90e973f47524a738a3d69",
            "e_data.ctab:md5,293d64f70bd8353b822e4fa8a6f082a3",
            "i2t.ctab:md5,dda3d3ccd7d4184d947c654ae73efb7b",
            "i_data.ctab:md5,d279003d92f7feef9adb31203f84474a",
            "e2t.ctab:md5,54dd6de2daa90e973f47524a738a3d69",
            "e_data.ctab:md5,ed48a29b77c315cb61a6bf09e68c877d",
            "i2t.ctab:md5,dda3d3ccd7d4184d947c654ae73efb7b",
            "i_data.ctab:md5,cf2506824949c02e0bfde17a9ed86e61",
            "e2t.ctab:md5,54dd6de2daa90e973f47524a738a3d69",
            "e_data.ctab:md5,a17c7749a005a89875876eb2d90721d4",
            "i2t.ctab:md5,dda3d3ccd7d4184d947c654ae73efb7b",
            "i_data.ctab:md5,2e2d760739539fba09cbb666ab95afa1",
            "e2t.ctab:md5,54dd6de2daa90e973f47524a738a3d69",
            "e_data.ctab:md5,22bdc84c1c4acce9798868e8c7b56004",
            "i2t.ctab:md5,dda3d3ccd7d4184d947c654ae73efb7b",
            "i_data.ctab:md5,80fe14762a8f7230d516bba37b7275d1",
            "t_data.ctab",
            "RAP1_IAA_30M_REP1.coverage.gtf",
            "RAP1_IAA_30M_REP1.gene.abundance.txt",
            "RAP1_IAA_30M_REP1.transcripts.gtf",
            "t_data.ctab",
            "RAP1_UNINDUCED_REP1.coverage.gtf",
            "RAP1_UNINDUCED_REP1.gene.abundance.txt",
            "RAP1_UNINDUCED_REP1.transcripts.gtf",
            "t_data.ctab",
            "RAP1_UNINDUCED_REP2.coverage.gtf",
            "RAP1_UNINDUCED_REP2.gene.abundance.txt",
            "RAP1_UNINDUCED_REP2.transcripts.gtf",
            "t_data.ctab",
            "WT_REP1.coverage.gtf",
            "WT_REP1.gene.abundance.txt",
            "WT_REP1.transcripts.gtf",
            "t_data.ctab",
            "WT_REP2.coverage.gtf",
            "WT_REP2.gene.abundance.txt",
            "WT_REP2.transcripts.gtf"
        ],
        "meta": {
            "nf-test": "0.9.0",
            "nextflow": "24.04.4"
        },
        "timestamp": "2024-08-23T12:35:11.865423"
    },
    "bbsplit": {
        "content": [
            "RAP1_IAA_30M_REP1.stats.txt",
            "RAP1_UNINDUCED_REP1.stats.txt",
            "RAP1_UNINDUCED_REP2.stats.txt",
            "WT_REP1.stats.txt",
            "WT_REP2.stats.txt"
        ],
        "meta": {
            "nf-test": "0.9.0",
            "nextflow": "24.04.4"
        },
        "timestamp": "2024-08-23T10:32:15.589105"
    },
    "salmon_quant": {
        "content": [
            "ambig_info.tsv:md5,de973a4b22a4457217ae3dc04caf9401",
            "expected_bias.gz:md5,3407f87245d0003e0ffbfdf6d8c04f20",
            "observed_bias.gz:md5,92bcd0592d22a6a58d0360fc76103e56",
            "observed_bias_3p.gz:md5,92bcd0592d22a6a58d0360fc76103e56",
            "cmd_info.json:md5,1215f0c20f87d3aef8553ef119e1e74c",
            "lib_format_counts.json:md5,c24ffe28d70476b5ccdd8bc2d22c0ac1",
            "ambig_info.tsv:md5,45f252b4f0e11e6730cf0c29f800fdbb",
            "expected_bias.gz:md5,3407f87245d0003e0ffbfdf6d8c04f20",
            "observed_bias.gz:md5,92bcd0592d22a6a58d0360fc76103e56",
            "observed_bias_3p.gz:md5,92bcd0592d22a6a58d0360fc76103e56",
            "cmd_info.json:md5,621c6601aade5b1f2e3d6ca2fc71f636",
            "lib_format_counts.json:md5,f6d44c0221f7fd559f11a9afe04c9935",
            "ambig_info.tsv:md5,6dcc2891ea572e9b8d1ba52cd434ab84",
            "expected_bias.gz:md5,3407f87245d0003e0ffbfdf6d8c04f20",
            "observed_bias.gz:md5,92bcd0592d22a6a58d0360fc76103e56",
            "observed_bias_3p.gz:md5,92bcd0592d22a6a58d0360fc76103e56",
            "cmd_info.json:md5,9bed6e4dc5428d6f6297adcea29a6326",
            "lib_format_counts.json:md5,7c562bf2f70e42f3a7292687dfd328c3",
            "ambig_info.tsv:md5,194f574e0586416155e3f33d42e2b167",
            "expected_bias.gz:md5,3407f87245d0003e0ffbfdf6d8c04f20",
            "observed_bias.gz:md5,92bcd0592d22a6a58d0360fc76103e56",
            "observed_bias_3p.gz:md5,92bcd0592d22a6a58d0360fc76103e56",
            "cmd_info.json:md5,c7ed0aaa5d6c7934ddbebfd29e4eb86d",
            "lib_format_counts.json:md5,d46250bb3677d72feeefc435fe6395a6",
            "ambig_info.tsv:md5,a26e3f936e65d7da66392603c2f91f6f",
            "expected_bias.gz:md5,3407f87245d0003e0ffbfdf6d8c04f20",
            "observed_bias.gz:md5,92bcd0592d22a6a58d0360fc76103e56",
            "observed_bias_3p.gz:md5,92bcd0592d22a6a58d0360fc76103e56",
            "cmd_info.json:md5,69ebfc2c7ca6b221a0a22fa1dc8c20ac",
            "lib_format_counts.json:md5,088fd51db07022ffde47033bbd029400",
            "fld.gz",
            "meta_info.json",
            "flenDist.txt",
            "salmon_quant.log",
            "quant.genes.sf",
            "quant.sf",
            "fld.gz",
            "meta_info.json",
            "flenDist.txt",
            "salmon_quant.log",
            "quant.genes.sf",
            "quant.sf",
            "fld.gz",
            "meta_info.json",
            "flenDist.txt",
            "salmon_quant.log",
            "quant.genes.sf",
            "quant.sf",
            "fld.gz",
            "meta_info.json",
            "flenDist.txt",
            "salmon_quant.log",
            "quant.genes.sf",
            "quant.sf",
            "fld.gz",
            "meta_info.json",
            "flenDist.txt",
            "salmon_quant.log",
            "quant.genes.sf",
            "quant.sf"
        ],
        "meta": {
            "nf-test": "0.9.0",
            "nextflow": "24.04.4"
        },
        "timestamp": "2024-08-23T12:35:11.954394"
    }
}