{
    "bbsplit_index": {
        "content": [
            [
                
            ]
        ],
        "meta": {
            "nf-test": "0.8.4",
            "nextflow": "24.01.0"
        },
        "timestamp": "2024-03-08T15:59:35.434161"
    },
    "gene_bed": {
        "content": [
            [
                "genome_gfp.bed:md5,991993ebef1def1d5823632c21177ec3"
            ]
        ],
        "meta": {
            "nf-test": "0.8.4",
            "nextflow": "24.01.0"
        },
        "timestamp": "2024-03-08T15:59:35.394732"
    },
    "fasta": {
        "content": [
            [
                "genome_gfp.fasta:md5,e23e302af63736a199985a169fdac055"
            ]
        ],
        "meta": {
            "nf-test": "0.8.4",
            "nextflow": "24.01.0"
        },
        "timestamp": "2024-03-08T15:59:35.356464"
    },
    "fai": {
        "content": [
            [
                "genome_gfp.fasta.fai:md5,8fa54c6bd2ea6a369efbb8ab4f30156a"
            ]
        ],
        "meta": {
            "nf-test": "0.8.4",
            "nextflow": "24.01.0"
        },
        "timestamp": "2024-03-08T15:59:35.376112"
    },
    "splicesites": {
        "content": [
            [
                
            ]
        ],
        "meta": {
            "nf-test": "0.8.4",
            "nextflow": "24.01.0"
        },
        "timestamp": "2024-03-08T15:59:35.424874"
    },
    "chrom_sizes": {
        "content": [
            [
                "genome_gfp.fasta.sizes:md5,9b755f8f349b14accefb4d859f84de26"
            ]
        ],
        "meta": {
            "nf-test": "0.8.4",
            "nextflow": "24.01.0"
        },
        "timestamp": "2024-03-08T15:59:35.412903"
    },
    "star_index": {
        "content": [
            [
                
            ]
        ],
        "meta": {
            "nf-test": "0.8.4",
            "nextflow": "24.01.0"
        },
        "timestamp": "2024-03-08T15:59:35.452927"
    },
    "versions": {
        "content": [
            [
                "versions.yml:md5,1cd265cb86a23a27f683ffb2459f37f5",
                "versions.yml:md5,58fa668eeacb984c10df6f856f2c9291",
                "versions.yml:md5,71252f1a221be05593361acccb99506b"
            ]
        ],
        "meta": {
            "nf-test": "0.8.4",
            "nextflow": "24.01.0"
        },
        "timestamp": "2024-03-08T15:59:35.490956"
    },
    "gtf": {
        "content": [
            [
                "genome_gfp.gtf:md5,5e63cda3dcafc0d6ad0a738133af9d54"
            ]
        ],
        "meta": {
            "nf-test": "0.8.4",
            "nextflow": "24.01.0"
        },
        "timestamp": "2024-03-08T15:59:35.363682"
    },
    "kallisto_index": {
        "content": [
            [
                
            ]
        ],
        "meta": {
            "nf-test": "0.8.4",
            "nextflow": "24.01.0"
        },
        "timestamp": "2024-03-08T15:59:35.481666"
    },
    "sortmerna_index": {
        "content": [
            [
                
            ]
        ],
        "meta": {
            "nf-test": "0.8.4",
            "nextflow": "24.01.0"
        },
        "timestamp": "2024-03-08T15:59:35.44388"
    },
    "transcript_fasta": {
        "content": [
            "n"
        ],
        "meta": {
            "nf-test": "0.8.4",
            "nextflow": "24.01.0"
        },
        "timestamp": "2024-03-08T15:59:35.35063"
    },
    "salmon_index": {
        "content": [
            "n"
        ],
        "meta": {
            "nf-test": "0.8.4",
            "nextflow": "24.01.0"
        },
        "timestamp": "2024-03-08T15:59:35.353967"
    },
    "rsem_index": {
        "content": [
            [
                
            ]
        ],
        "meta": {
            "nf-test": "0.8.4",
            "nextflow": "24.01.0"
        },
        "timestamp": "2024-03-08T15:59:35.462738"
    },
    "hisat2_index": {
        "content": [
            [
                
            ]
        ],
        "meta": {
            "nf-test": "0.8.4",
            "nextflow": "24.01.0"
        },
        "timestamp": "2024-03-08T15:59:35.472712"
    }
}