{
    "sarscov2 fasta": {
        "content": [
            {
                "0": [
                    "genome.fixed.fa:md5,6e9fe4042a72f2345f644f239272b7e6"
                ],
                "1": [
                    "versions.yml:md5,e2c7f636c472887a914b128d1444737e"
                ],
                "fasta": [
                    "genome.fixed.fa:md5,6e9fe4042a72f2345f644f239272b7e6"
                ],
                "versions": [
                    "versions.yml:md5,e2c7f636c472887a914b128d1444737e"
                ]
            }
        ],
        "meta": {
            "nf-test": "0.8.4",
            "nextflow": "23.10.1"
        },
        "timestamp": "2024-03-06T16:11:04.533974"
    }
}